[2026-08-22 07:52:39] RuntimeException: Database connection lost in Command line code:15
Stack trace:
#0 /home/gak/Documents/nexusphp/framework/Http/Middleware/ExceptionHandlerMiddleware.php(21): {closure:Command line code:14}()
#1 Command line code(14): Nexus\Http\Middleware\ExceptionHandlerMiddleware->handle()
#2 {main}

[2026-08-22 07:52:45] RuntimeException: Database connection lost in Command line code:15
Stack trace:
#0 /home/gak/Documents/nexusphp/framework/Http/Middleware/ExceptionHandlerMiddleware.php(21): {closure:Command line code:14}()
#1 Command line code(14): Nexus\Http\Middleware\ExceptionHandlerMiddleware->handle()
#2 {main}

[2026-08-22 07:57:32] LogicException: Critical API Failure in Command line code:18
Stack trace:
#0 /home/gak/Documents/nexusphp/framework/Http/Middleware/ExceptionHandlerMiddleware.php(21): {closure:Command line code:18}()
#1 Command line code(18): Nexus\Http\Middleware\ExceptionHandlerMiddleware->handle()
#2 {main}

[2026-08-22 07:57:32] LogicException: Critical HTML Failure in Command line code:27
Stack trace:
#0 /home/gak/Documents/nexusphp/framework/Http/Middleware/ExceptionHandlerMiddleware.php(21): {closure:Command line code:27}()
#1 Command line code(27): Nexus\Http\Middleware\ExceptionHandlerMiddleware->handle()
#2 {main}

[2026-08-22 07:57:32] LogicException: Secret Error Message in Command line code:35
Stack trace:
#0 /home/gak/Documents/nexusphp/framework/Http/Middleware/ExceptionHandlerMiddleware.php(21): {closure:Command line code:35}()
#1 Command line code(35): Nexus\Http\Middleware\ExceptionHandlerMiddleware->handle()
#2 {main}

