[2026-08-22 07:57:32] Job FaultyJob (Attempts: 1/3) failed: Job computation failed internally in Command line code:43
Stack trace:
#0 /home/gak/Documents/nexusphp/framework/Queue/Worker.php(36): FaultyJob->handle()
#1 Command line code(52): Nexus\Queue\Worker->work()
#2 {main}

[2026-08-24 12:37:16] Job Nexus\Tests\Feature\TestQueueJob (Attempts: 1/1) failed and routed to dead-letter queue: Processing failed in /home/gak/Documents/nexusphp/tests/Feature/SecurityAndIntegrationTest.php:25
Stack trace:
#0 /home/gak/Documents/nexusphp/framework/Queue/Worker.php(45): Nexus\Tests\Feature\TestQueueJob->handle()
#1 /home/gak/Documents/nexusphp/tests/Feature/SecurityAndIntegrationTest.php(272): Nexus\Queue\Worker->work()
#2 /home/gak/Documents/nexusphp/tests/TestRunner.php(40): Nexus\Tests\Feature\SecurityAndIntegrationTest->testQueueInterfaceAndDeadLetterPayload()
#3 /home/gak/Documents/nexusphp/tests/TestRunner.php(59): TestRunner->run()
#4 {main}

[2026-08-24 12:37:32] Job Nexus\Tests\Feature\TestQueueJob (Attempts: 1/1) failed and routed to dead-letter queue: Processing failed in /home/gak/Documents/nexusphp/tests/Feature/SecurityAndIntegrationTest.php:25
Stack trace:
#0 /home/gak/Documents/nexusphp/framework/Queue/Worker.php(45): Nexus\Tests\Feature\TestQueueJob->handle()
#1 /home/gak/Documents/nexusphp/tests/Feature/SecurityAndIntegrationTest.php(272): Nexus\Queue\Worker->work()
#2 /home/gak/Documents/nexusphp/vendor/phpunit/phpunit/src/Framework/TestCase.php(1667): Nexus\Tests\Feature\SecurityAndIntegrationTest->testQueueInterfaceAndDeadLetterPayload()
#3 /home/gak/Documents/nexusphp/vendor/phpunit/phpunit/src/Framework/TestCase.php(519): PHPUnit\Framework\TestCase->runTest()
#4 /home/gak/Documents/nexusphp/vendor/phpunit/phpunit/src/Framework/TestRunner/TestRunner.php(87): PHPUnit\Framework\TestCase->runBare()
#5 /home/gak/Documents/nexusphp/vendor/phpunit/phpunit/src/Framework/TestCase.php(365): PHPUnit\Framework\TestRunner->run()
#6 /home/gak/Documents/nexusphp/vendor/phpunit/phpunit/src/Framework/TestSuite.php(369): PHPUnit\Framework\TestCase->run()
#7 /home/gak/Documents/nexusphp/vendor/phpunit/phpunit/src/TextUI/TestRunner.php(64): PHPUnit\Framework\TestSuite->run()
#8 /home/gak/Documents/nexusphp/vendor/phpunit/phpunit/src/TextUI/Application.php(211): PHPUnit\TextUI\TestRunner->run()
#9 /home/gak/Documents/nexusphp/vendor/phpunit/phpunit/phpunit(104): PHPUnit\TextUI\Application->run()
#10 /home/gak/Documents/nexusphp/vendor/bin/phpunit(122): include('...')
#11 {main}

[2026-08-24 12:37:43] Job Nexus\Tests\Feature\TestQueueJob (Attempts: 1/1) failed and routed to dead-letter queue: Processing failed in /home/gak/Documents/nexusphp/tests/Feature/SecurityAndIntegrationTest.php:25
Stack trace:
#0 /home/gak/Documents/nexusphp/framework/Queue/Worker.php(45): Nexus\Tests\Feature\TestQueueJob->handle()
#1 /home/gak/Documents/nexusphp/tests/Feature/SecurityAndIntegrationTest.php(272): Nexus\Queue\Worker->work()
#2 /home/gak/Documents/nexusphp/tests/TestRunner.php(40): Nexus\Tests\Feature\SecurityAndIntegrationTest->testQueueInterfaceAndDeadLetterPayload()
#3 /home/gak/Documents/nexusphp/tests/TestRunner.php(59): TestRunner->run()
#4 {main}

[2026-08-24 12:38:37] Job Nexus\Tests\Feature\TestQueueJob (Attempts: 1/1) failed and routed to dead-letter queue: Processing failed in /home/gak/Documents/nexusphp/tests/Feature/SecurityAndIntegrationTest.php:25
Stack trace:
#0 /home/gak/Documents/nexusphp/framework/Queue/Worker.php(45): Nexus\Tests\Feature\TestQueueJob->handle()
#1 /home/gak/Documents/nexusphp/tests/Feature/SecurityAndIntegrationTest.php(277): Nexus\Queue\Worker->work()
#2 /home/gak/Documents/nexusphp/vendor/phpunit/phpunit/src/Framework/TestCase.php(1667): Nexus\Tests\Feature\SecurityAndIntegrationTest->testQueueInterfaceAndDeadLetterPayload()
#3 /home/gak/Documents/nexusphp/vendor/phpunit/phpunit/src/Framework/TestCase.php(519): PHPUnit\Framework\TestCase->runTest()
#4 /home/gak/Documents/nexusphp/vendor/phpunit/phpunit/src/Framework/TestRunner/TestRunner.php(87): PHPUnit\Framework\TestCase->runBare()
#5 /home/gak/Documents/nexusphp/vendor/phpunit/phpunit/src/Framework/TestCase.php(365): PHPUnit\Framework\TestRunner->run()
#6 /home/gak/Documents/nexusphp/vendor/phpunit/phpunit/src/Framework/TestSuite.php(369): PHPUnit\Framework\TestCase->run()
#7 /home/gak/Documents/nexusphp/vendor/phpunit/phpunit/src/TextUI/TestRunner.php(64): PHPUnit\Framework\TestSuite->run()
#8 /home/gak/Documents/nexusphp/vendor/phpunit/phpunit/src/TextUI/Application.php(211): PHPUnit\TextUI\TestRunner->run()
#9 /home/gak/Documents/nexusphp/vendor/phpunit/phpunit/phpunit(104): PHPUnit\TextUI\Application->run()
#10 /home/gak/Documents/nexusphp/vendor/bin/phpunit(122): include('...')
#11 {main}

[2026-08-24 12:39:42] Job Nexus\Tests\Feature\TestQueueJob (Attempts: 1/1) failed and routed to dead-letter queue: Processing failed in /home/gak/Documents/nexusphp/tests/Feature/SecurityAndIntegrationTest.php:25
Stack trace:
#0 /home/gak/Documents/nexusphp/framework/Queue/Worker.php(45): Nexus\Tests\Feature\TestQueueJob->handle()
#1 /home/gak/Documents/nexusphp/tests/Feature/SecurityAndIntegrationTest.php(277): Nexus\Queue\Worker->work()
#2 /home/gak/Documents/nexusphp/vendor/phpunit/phpunit/src/Framework/TestCase.php(1667): Nexus\Tests\Feature\SecurityAndIntegrationTest->testQueueInterfaceAndDeadLetterPayload()
#3 /home/gak/Documents/nexusphp/vendor/phpunit/phpunit/src/Framework/TestCase.php(519): PHPUnit\Framework\TestCase->runTest()
#4 /home/gak/Documents/nexusphp/vendor/phpunit/phpunit/src/Framework/TestRunner/TestRunner.php(87): PHPUnit\Framework\TestCase->runBare()
#5 /home/gak/Documents/nexusphp/vendor/phpunit/phpunit/src/Framework/TestCase.php(365): PHPUnit\Framework\TestRunner->run()
#6 /home/gak/Documents/nexusphp/vendor/phpunit/phpunit/src/Framework/TestSuite.php(369): PHPUnit\Framework\TestCase->run()
#7 /home/gak/Documents/nexusphp/vendor/phpunit/phpunit/src/TextUI/TestRunner.php(64): PHPUnit\Framework\TestSuite->run()
#8 /home/gak/Documents/nexusphp/vendor/phpunit/phpunit/src/TextUI/Application.php(211): PHPUnit\TextUI\TestRunner->run()
#9 /home/gak/Documents/nexusphp/vendor/phpunit/phpunit/phpunit(104): PHPUnit\TextUI\Application->run()
#10 /home/gak/Documents/nexusphp/vendor/bin/phpunit(122): include('...')
#11 {main}

[2026-08-24 12:39:54] Job Nexus\Tests\Feature\TestQueueJob (Attempts: 1/1) failed and routed to dead-letter queue: Processing failed in /home/gak/Documents/nexusphp/tests/Feature/SecurityAndIntegrationTest.php:25
Stack trace:
#0 /home/gak/Documents/nexusphp/framework/Queue/Worker.php(45): Nexus\Tests\Feature\TestQueueJob->handle()
#1 /home/gak/Documents/nexusphp/tests/Feature/SecurityAndIntegrationTest.php(277): Nexus\Queue\Worker->work()
#2 /home/gak/Documents/nexusphp/tests/TestRunner.php(40): Nexus\Tests\Feature\SecurityAndIntegrationTest->testQueueInterfaceAndDeadLetterPayload()
#3 /home/gak/Documents/nexusphp/tests/TestRunner.php(59): TestRunner->run()
#4 {main}

[2026-08-24 12:40:19] Job Nexus\Tests\Feature\TestQueueJob (Attempts: 1/1) failed and routed to dead-letter queue: Processing failed in /home/gak/Documents/nexusphp/tests/Feature/SecurityAndIntegrationTest.php:25
Stack trace:
#0 /home/gak/Documents/nexusphp/framework/Queue/Worker.php(45): Nexus\Tests\Feature\TestQueueJob->handle()
#1 /home/gak/Documents/nexusphp/tests/Feature/SecurityAndIntegrationTest.php(277): Nexus\Queue\Worker->work()
#2 /home/gak/Documents/nexusphp/vendor/phpunit/phpunit/src/Framework/TestCase.php(1667): Nexus\Tests\Feature\SecurityAndIntegrationTest->testQueueInterfaceAndDeadLetterPayload()
#3 /home/gak/Documents/nexusphp/vendor/phpunit/phpunit/src/Framework/TestCase.php(519): PHPUnit\Framework\TestCase->runTest()
#4 /home/gak/Documents/nexusphp/vendor/phpunit/phpunit/src/Framework/TestRunner/TestRunner.php(87): PHPUnit\Framework\TestCase->runBare()
#5 /home/gak/Documents/nexusphp/vendor/phpunit/phpunit/src/Framework/TestCase.php(365): PHPUnit\Framework\TestRunner->run()
#6 /home/gak/Documents/nexusphp/vendor/phpunit/phpunit/src/Framework/TestSuite.php(369): PHPUnit\Framework\TestCase->run()
#7 /home/gak/Documents/nexusphp/vendor/phpunit/phpunit/src/TextUI/TestRunner.php(64): PHPUnit\Framework\TestSuite->run()
#8 /home/gak/Documents/nexusphp/vendor/phpunit/phpunit/src/TextUI/Application.php(211): PHPUnit\TextUI\TestRunner->run()
#9 /home/gak/Documents/nexusphp/vendor/phpunit/phpunit/phpunit(104): PHPUnit\TextUI\Application->run()
#10 /home/gak/Documents/nexusphp/vendor/bin/phpunit(122): include('...')
#11 {main}

[2026-08-24 12:40:34] Job Nexus\Tests\Feature\TestQueueJob (Attempts: 1/1) failed and routed to dead-letter queue: Processing failed in /home/gak/Documents/nexusphp/tests/Feature/SecurityAndIntegrationTest.php:25
Stack trace:
#0 /home/gak/Documents/nexusphp/framework/Queue/Worker.php(45): Nexus\Tests\Feature\TestQueueJob->handle()
#1 /home/gak/Documents/nexusphp/tests/Feature/SecurityAndIntegrationTest.php(277): Nexus\Queue\Worker->work()
#2 /home/gak/Documents/nexusphp/vendor/phpunit/phpunit/src/Framework/TestCase.php(1667): Nexus\Tests\Feature\SecurityAndIntegrationTest->testQueueInterfaceAndDeadLetterPayload()
#3 /home/gak/Documents/nexusphp/vendor/phpunit/phpunit/src/Framework/TestCase.php(519): PHPUnit\Framework\TestCase->runTest()
#4 /home/gak/Documents/nexusphp/vendor/phpunit/phpunit/src/Framework/TestRunner/TestRunner.php(87): PHPUnit\Framework\TestCase->runBare()
#5 /home/gak/Documents/nexusphp/vendor/phpunit/phpunit/src/Framework/TestCase.php(365): PHPUnit\Framework\TestRunner->run()
#6 /home/gak/Documents/nexusphp/vendor/phpunit/phpunit/src/Framework/TestSuite.php(369): PHPUnit\Framework\TestCase->run()
#7 /home/gak/Documents/nexusphp/vendor/phpunit/phpunit/src/Framework/TestSuite.php(369): PHPUnit\Framework\TestSuite->run()
#8 /home/gak/Documents/nexusphp/vendor/phpunit/phpunit/src/Framework/TestSuite.php(369): PHPUnit\Framework\TestSuite->run()
#9 /home/gak/Documents/nexusphp/vendor/phpunit/phpunit/src/TextUI/TestRunner.php(64): PHPUnit\Framework\TestSuite->run()
#10 /home/gak/Documents/nexusphp/vendor/phpunit/phpunit/src/TextUI/Application.php(211): PHPUnit\TextUI\TestRunner->run()
#11 /home/gak/Documents/nexusphp/vendor/phpunit/phpunit/phpunit(104): PHPUnit\TextUI\Application->run()
#12 /home/gak/Documents/nexusphp/vendor/bin/phpunit(122): include('...')
#13 {main}

[2026-08-24 12:43:03] Job Nexus\Tests\Feature\TestQueueJob (Attempts: 1/1) failed and routed to dead-letter queue: Processing failed in /home/gak/Documents/nexusphp/tests/Feature/SecurityAndIntegrationTest.php:25
Stack trace:
#0 /home/gak/Documents/nexusphp/framework/Queue/Worker.php(45): Nexus\Tests\Feature\TestQueueJob->handle()
#1 /home/gak/Documents/nexusphp/tests/Feature/SecurityAndIntegrationTest.php(277): Nexus\Queue\Worker->work()
#2 /home/gak/Documents/nexusphp/tests/TestRunner.php(40): Nexus\Tests\Feature\SecurityAndIntegrationTest->testQueueInterfaceAndDeadLetterPayload()
#3 /home/gak/Documents/nexusphp/tests/TestRunner.php(59): TestRunner->run()
#4 {main}

[2026-08-24 12:45:28] Job Nexus\Tests\Feature\TestQueueJob (Attempts: 1/1) failed and routed to dead-letter queue: Processing failed in /home/gak/Documents/nexusphp/tests/Feature/SecurityAndIntegrationTest.php:25
Stack trace:
#0 /home/gak/Documents/nexusphp/framework/Queue/Worker.php(45): Nexus\Tests\Feature\TestQueueJob->handle()
#1 /home/gak/Documents/nexusphp/tests/Feature/SecurityAndIntegrationTest.php(277): Nexus\Queue\Worker->work()
#2 /home/gak/Documents/nexusphp/tests/TestRunner.php(40): Nexus\Tests\Feature\SecurityAndIntegrationTest->testQueueInterfaceAndDeadLetterPayload()
#3 /home/gak/Documents/nexusphp/tests/TestRunner.php(116): TestRunner->run()
#4 {main}

[2026-08-24 12:45:45] Job Nexus\Tests\Feature\TestQueueJob (Attempts: 1/1) failed and routed to dead-letter queue: Processing failed in /home/gak/Documents/nexusphp/tests/Feature/SecurityAndIntegrationTest.php:25
Stack trace:
#0 /home/gak/Documents/nexusphp/framework/Queue/Worker.php(45): Nexus\Tests\Feature\TestQueueJob->handle()
#1 /home/gak/Documents/nexusphp/tests/Feature/SecurityAndIntegrationTest.php(277): Nexus\Queue\Worker->work()
#2 /home/gak/Documents/nexusphp/tests/TestRunner.php(40): Nexus\Tests\Feature\SecurityAndIntegrationTest->testQueueInterfaceAndDeadLetterPayload()
#3 /home/gak/Documents/nexusphp/tests/TestRunner.php(116): TestRunner->run()
#4 {main}

[2026-08-24 12:48:00] Job Nexus\Tests\Feature\TestQueueJob (Attempts: 1/1) failed and routed to dead-letter queue: Processing failed in /home/gak/Documents/nexusphp/tests/Feature/SecurityAndIntegrationTest.php:25
Stack trace:
#0 /home/gak/Documents/nexusphp/framework/Queue/Worker.php(45): Nexus\Tests\Feature\TestQueueJob->handle()
#1 /home/gak/Documents/nexusphp/tests/Feature/SecurityAndIntegrationTest.php(277): Nexus\Queue\Worker->work()
#2 /home/gak/Documents/nexusphp/vendor/phpunit/phpunit/src/Framework/TestCase.php(1667): Nexus\Tests\Feature\SecurityAndIntegrationTest->testQueueInterfaceAndDeadLetterPayload()
#3 /home/gak/Documents/nexusphp/vendor/phpunit/phpunit/src/Framework/TestCase.php(519): PHPUnit\Framework\TestCase->runTest()
#4 /home/gak/Documents/nexusphp/vendor/phpunit/phpunit/src/Framework/TestRunner/TestRunner.php(87): PHPUnit\Framework\TestCase->runBare()
#5 /home/gak/Documents/nexusphp/vendor/phpunit/phpunit/src/Framework/TestCase.php(365): PHPUnit\Framework\TestRunner->run()
#6 /home/gak/Documents/nexusphp/vendor/phpunit/phpunit/src/Framework/TestSuite.php(369): PHPUnit\Framework\TestCase->run()
#7 /home/gak/Documents/nexusphp/vendor/phpunit/phpunit/src/Framework/TestSuite.php(369): PHPUnit\Framework\TestSuite->run()
#8 /home/gak/Documents/nexusphp/vendor/phpunit/phpunit/src/Framework/TestSuite.php(369): PHPUnit\Framework\TestSuite->run()
#9 /home/gak/Documents/nexusphp/vendor/phpunit/phpunit/src/TextUI/TestRunner.php(64): PHPUnit\Framework\TestSuite->run()
#10 /home/gak/Documents/nexusphp/vendor/phpunit/phpunit/src/TextUI/Application.php(211): PHPUnit\TextUI\TestRunner->run()
#11 /home/gak/Documents/nexusphp/vendor/phpunit/phpunit/phpunit(104): PHPUnit\TextUI\Application->run()
#12 /home/gak/Documents/nexusphp/vendor/bin/phpunit(122): include('...')
#13 {main}

[2026-08-24 12:48:13] Job Nexus\Tests\Feature\TestQueueJob (Attempts: 1/1) failed and routed to dead-letter queue: Processing failed in /home/gak/Documents/nexusphp/tests/Feature/SecurityAndIntegrationTest.php:25
Stack trace:
#0 /home/gak/Documents/nexusphp/framework/Queue/Worker.php(45): Nexus\Tests\Feature\TestQueueJob->handle()
#1 /home/gak/Documents/nexusphp/tests/Feature/SecurityAndIntegrationTest.php(277): Nexus\Queue\Worker->work()
#2 /home/gak/Documents/nexusphp/tests/TestRunner.php(40): Nexus\Tests\Feature\SecurityAndIntegrationTest->testQueueInterfaceAndDeadLetterPayload()
#3 /home/gak/Documents/nexusphp/tests/TestRunner.php(116): TestRunner->run()
#4 {main}

[2026-08-24 12:48:37] Job Nexus\Tests\Feature\TestQueueJob (Attempts: 1/1) failed and routed to dead-letter queue: Processing failed in /home/gak/Documents/nexusphp/tests/Feature/SecurityAndIntegrationTest.php:25
Stack trace:
#0 /home/gak/Documents/nexusphp/framework/Queue/Worker.php(45): Nexus\Tests\Feature\TestQueueJob->handle()
#1 /home/gak/Documents/nexusphp/tests/Feature/SecurityAndIntegrationTest.php(288): Nexus\Queue\Worker->work()
#2 /home/gak/Documents/nexusphp/tests/TestRunner.php(40): Nexus\Tests\Feature\SecurityAndIntegrationTest->testQueueInterfaceAndDeadLetterPayload()
#3 /home/gak/Documents/nexusphp/tests/TestRunner.php(116): TestRunner->run()
#4 {main}

[2026-08-24 12:53:31] Job Nexus\Tests\Feature\TestQueueJob (Attempts: 1/1) failed and routed to dead-letter queue: Processing failed in /home/gak/Documents/nexusphp/tests/Feature/SecurityAndIntegrationTest.php:25
Stack trace:
#0 /home/gak/Documents/nexusphp/framework/Queue/Worker.php(45): Nexus\Tests\Feature\TestQueueJob->handle()
#1 /home/gak/Documents/nexusphp/tests/Feature/SecurityAndIntegrationTest.php(288): Nexus\Queue\Worker->work()
#2 /home/gak/Documents/nexusphp/tests/TestRunner.php(40): Nexus\Tests\Feature\SecurityAndIntegrationTest->testQueueInterfaceAndDeadLetterPayload()
#3 /home/gak/Documents/nexusphp/tests/TestRunner.php(116): TestRunner->run()
#4 {main}

[2026-08-24 12:55:03] Job Nexus\Tests\Feature\TestQueueJob (Attempts: 1/1) failed and routed to dead-letter queue: Processing failed in /home/gak/Documents/nexusphp/tests/Feature/SecurityAndIntegrationTest.php:25
Stack trace:
#0 /home/gak/Documents/nexusphp/framework/Queue/Worker.php(45): Nexus\Tests\Feature\TestQueueJob->handle()
#1 /home/gak/Documents/nexusphp/tests/Feature/SecurityAndIntegrationTest.php(288): Nexus\Queue\Worker->work()
#2 /home/gak/Documents/nexusphp/tests/TestRunner.php(40): Nexus\Tests\Feature\SecurityAndIntegrationTest->testQueueInterfaceAndDeadLetterPayload()
#3 /home/gak/Documents/nexusphp/tests/TestRunner.php(116): TestRunner->run()
#4 {main}

